// Jest Snapshot v1, https://goo.gl/fbAQLP

exports[`InHabit works 1`] = `<div />`;
